2026-09-03 15:13:14.843: [INFO] CurrentProfilePath: D:\PlaywrightJava\.metadata\.plugins\org.eclipse.swt\EBWebView\Default
2026-09-03 15:13:14.843: [INFO] Profiles total count: 1
2026-09-03 15:13:14.843: [INFO] Profile: name=Profile 1 path=D:\PlaywrightJava\.metadata\.plugins\org.eclipse.swt\EBWebView\Default lastActive=null
2026-09-03 15:13:14.843: [INFO] LastUsedProfileDir: D:\PlaywrightJava\.metadata\.plugins\org.eclipse.swt\EBWebView\Default
2026-09-03 15:13:14.843: [INFO] OnDoneLoading sync enabled: 0
2026-09-03 15:13:14.843: [INFO] BookmarkModelLoaded, ids_reassigned: 0
2026-09-03 15:13:14.843: [INFO] BookmarksLoadDropped droppedNodes=0
2026-09-03 15:13:14.843: [INFO] BookmarksSnapshot Startup total=0 bar=0 other=0 mobile=0 showBar=0 showBarNTP=1
2026-09-03 15:13:32.650: [INFO] BookmarksSnapshot Shutdown total=0 bar=0 other=0 mobile=0 showBar=0 showBarNTP=1
2026-09-03 15:13:33.830: [INFO] CurrentProfilePath: D:\PlaywrightJava\.metadata\.plugins\org.eclipse.swt\EBWebView\Default
2026-09-03 15:13:33.830: [INFO] Profiles total count: 1
2026-09-03 15:13:33.830: [INFO] Profile: name=Profile 1 path=D:\PlaywrightJava\.metadata\.plugins\org.eclipse.swt\EBWebView\Default lastActive=2026-09-03T15:13:31.968Z
2026-09-03 15:13:33.830: [INFO] LastUsedProfileDir: D:\PlaywrightJava\.metadata\.plugins\org.eclipse.swt\EBWebView\Default
2026-09-03 15:13:33.830: [INFO] MostRecentlyActiveProfile: name=Profile 1 path=D:\PlaywrightJava\.metadata\.plugins\org.eclipse.swt\EBWebView\Default lastActive=2026-09-03T15:13:31.968Z
2026-09-03 15:13:33.830: [INFO] OnDoneLoading sync enabled: 0
2026-09-03 15:13:33.830: [INFO] BookmarkModelLoaded, ids_reassigned: 0
2026-09-03 15:13:33.830: [INFO] BookmarksLoadDropped droppedNodes=0
2026-09-03 15:13:33.830: [INFO] BookmarksSnapshot Startup total=0 bar=0 other=0 mobile=0 showBar=0 showBarNTP=1
2026-09-03 15:42:12.397: [INFO] BookmarksSnapshot Shutdown total=0 bar=0 other=0 mobile=0 showBar=0 showBarNTP=1
2026-09-04 03:02:39.286: [INFO] CurrentProfilePath: D:\PlaywrightJava\.metadata\.plugins\org.eclipse.swt\EBWebView\Default
2026-09-04 03:02:39.286: [INFO] Profiles total count: 1
2026-09-04 03:02:39.287: [INFO] Profile: name=Profile 1 path=D:\PlaywrightJava\.metadata\.plugins\org.eclipse.swt\EBWebView\Default lastActive=2026-09-03T15:14:13.846Z
2026-09-04 03:02:39.287: [INFO] LastUsedProfileDir: D:\PlaywrightJava\.metadata\.plugins\org.eclipse.swt\EBWebView\Default
2026-09-04 03:02:39.287: [INFO] MostRecentlyActiveProfile: name=Profile 1 path=D:\PlaywrightJava\.metadata\.plugins\org.eclipse.swt\EBWebView\Default lastActive=2026-09-03T15:14:13.846Z
2026-09-04 03:02:39.287: [INFO] OnDoneLoading sync enabled: 0
2026-09-04 03:02:39.287: [INFO] BookmarkModelLoaded, ids_reassigned: 0
2026-09-04 03:02:39.287: [INFO] BookmarksLoadDropped droppedNodes=0
2026-09-04 03:02:39.287: [INFO] BookmarksSnapshot Startup total=0 bar=0 other=0 mobile=0 showBar=0 showBarNTP=1
2026-09-04 03:28:19.887: [INFO] BookmarksSnapshot Shutdown total=0 bar=0 other=0 mobile=0 showBar=0 showBarNTP=1
2026-09-04 12:53:42.527: [INFO] CurrentProfilePath: D:\PlaywrightJava\.metadata\.plugins\org.eclipse.swt\EBWebView\Default
2026-09-04 12:53:42.527: [INFO] Profiles total count: 1
2026-09-04 12:53:42.527: [INFO] Profile: name=Profile 1 path=D:\PlaywrightJava\.metadata\.plugins\org.eclipse.swt\EBWebView\Default lastActive=2026-09-04T03:21:30.617Z
2026-09-04 12:53:42.527: [INFO] LastUsedProfileDir: D:\PlaywrightJava\.metadata\.plugins\org.eclipse.swt\EBWebView\Default
2026-09-04 12:53:42.527: [INFO] MostRecentlyActiveProfile: name=Profile 1 path=D:\PlaywrightJava\.metadata\.plugins\org.eclipse.swt\EBWebView\Default lastActive=2026-09-04T03:21:30.617Z
2026-09-04 12:53:42.527: [INFO] OnDoneLoading sync enabled: 0
2026-09-04 12:53:42.527: [INFO] BookmarkModelLoaded, ids_reassigned: 0
2026-09-04 12:53:42.527: [INFO] BookmarksLoadDropped droppedNodes=0
2026-09-04 12:53:42.527: [INFO] BookmarksSnapshot Startup total=0 bar=0 other=0 mobile=0 showBar=0 showBarNTP=1
2026-09-04 13:44:42.155: [INFO] BookmarksSnapshot Shutdown total=0 bar=0 other=0 mobile=0 showBar=0 showBarNTP=1
2026-09-05 02:25:27.896: [INFO] CurrentProfilePath: D:\PlaywrightJava\.metadata\.plugins\org.eclipse.swt\EBWebView\Default
2026-09-05 02:25:27.896: [INFO] Profiles total count: 1
2026-09-05 02:25:27.896: [INFO] Profile: name=Profile 1 path=D:\PlaywrightJava\.metadata\.plugins\org.eclipse.swt\EBWebView\Default lastActive=2026-09-04T13:02:52.828Z
2026-09-05 02:25:27.896: [INFO] LastUsedProfileDir: D:\PlaywrightJava\.metadata\.plugins\org.eclipse.swt\EBWebView\Default
2026-09-05 02:25:27.896: [INFO] MostRecentlyActiveProfile: name=Profile 1 path=D:\PlaywrightJava\.metadata\.plugins\org.eclipse.swt\EBWebView\Default lastActive=2026-09-04T13:02:52.828Z
2026-09-05 02:25:27.896: [INFO] OnDoneLoading sync enabled: 0
2026-09-05 02:25:27.896: [INFO] BookmarkModelLoaded, ids_reassigned: 0
2026-09-05 02:25:27.896: [INFO] BookmarksLoadDropped droppedNodes=0
2026-09-05 02:25:27.896: [INFO] BookmarksSnapshot Startup total=0 bar=0 other=0 mobile=0 showBar=0 showBarNTP=1
2026-09-05 03:43:26.643: [INFO] BookmarksSnapshot Shutdown total=0 bar=0 other=0 mobile=0 showBar=0 showBarNTP=1
2026-09-05 14:36:18.722: [INFO] CurrentProfilePath: D:\PlaywrightJava\.metadata\.plugins\org.eclipse.swt\EBWebView\Default
2026-09-05 14:36:18.722: [INFO] Profiles total count: 1
2026-09-05 14:36:18.723: [INFO] Profile: name=Profile 1 path=D:\PlaywrightJava\.metadata\.plugins\org.eclipse.swt\EBWebView\Default lastActive=2026-09-05T02:30:11.369Z
2026-09-05 14:36:18.723: [INFO] LastUsedProfileDir: D:\PlaywrightJava\.metadata\.plugins\org.eclipse.swt\EBWebView\Default
2026-09-05 14:36:18.723: [INFO] MostRecentlyActiveProfile: name=Profile 1 path=D:\PlaywrightJava\.metadata\.plugins\org.eclipse.swt\EBWebView\Default lastActive=2026-09-05T02:30:11.369Z
2026-09-05 14:36:18.723: [INFO] OnDoneLoading sync enabled: 0
2026-09-05 14:36:18.723: [INFO] BookmarkModelLoaded, ids_reassigned: 0
2026-09-05 14:36:18.723: [INFO] BookmarksLoadDropped droppedNodes=0
2026-09-05 14:36:18.723: [INFO] BookmarksSnapshot Startup total=0 bar=0 other=0 mobile=0 showBar=0 showBarNTP=1
2026-09-05 15:01:33.546: [INFO] BookmarksSnapshot Shutdown total=0 bar=0 other=0 mobile=0 showBar=0 showBarNTP=1
2026-09-06 07:56:08.600: [INFO] CurrentProfilePath: D:\PlaywrightJava\.metadata\.plugins\org.eclipse.swt\EBWebView\Default
2026-09-06 07:56:08.600: [INFO] Profiles total count: 1
2026-09-06 07:56:08.600: [INFO] Profile: name=Profile 1 path=D:\PlaywrightJava\.metadata\.plugins\org.eclipse.swt\EBWebView\Default lastActive=2026-09-05T14:38:13.550Z
2026-09-06 07:56:08.600: [INFO] LastUsedProfileDir: D:\PlaywrightJava\.metadata\.plugins\org.eclipse.swt\EBWebView\Default
2026-09-06 07:56:08.600: [INFO] MostRecentlyActiveProfile: name=Profile 1 path=D:\PlaywrightJava\.metadata\.plugins\org.eclipse.swt\EBWebView\Default lastActive=2026-09-05T14:38:13.550Z
2026-09-06 07:56:08.600: [INFO] OnDoneLoading sync enabled: 0
2026-09-06 07:56:08.600: [INFO] BookmarkModelLoaded, ids_reassigned: 0
2026-09-06 07:56:08.600: [INFO] BookmarksLoadDropped droppedNodes=0
2026-09-06 07:56:08.600: [INFO] BookmarksSnapshot Startup total=0 bar=0 other=0 mobile=0 showBar=0 showBarNTP=1
2026-09-06 09:13:27.394: [INFO] BookmarksSnapshot Shutdown total=0 bar=0 other=0 mobile=0 showBar=0 showBarNTP=1
2026-09-06 13:32:53.791: [INFO] CurrentProfilePath: D:\PlaywrightJava\.metadata\.plugins\org.eclipse.swt\EBWebView\Default
2026-09-06 13:32:53.791: [INFO] Profiles total count: 1
2026-09-06 13:32:53.792: [INFO] Profile: name=Profile 1 path=D:\PlaywrightJava\.metadata\.plugins\org.eclipse.swt\EBWebView\Default lastActive=2026-09-06T09:13:12.658Z
2026-09-06 13:32:53.792: [INFO] LastUsedProfileDir: D:\PlaywrightJava\.metadata\.plugins\org.eclipse.swt\EBWebView\Default
2026-09-06 13:32:53.792: [INFO] MostRecentlyActiveProfile: name=Profile 1 path=D:\PlaywrightJava\.metadata\.plugins\org.eclipse.swt\EBWebView\Default lastActive=2026-09-06T09:13:12.658Z
2026-09-06 13:32:53.792: [INFO] OnDoneLoading sync enabled: 0
2026-09-06 13:32:53.792: [INFO] BookmarkModelLoaded, ids_reassigned: 0
2026-09-06 13:32:53.792: [INFO] BookmarksLoadDropped droppedNodes=0
2026-09-06 13:32:53.792: [INFO] BookmarksSnapshot Startup total=0 bar=0 other=0 mobile=0 showBar=0 showBarNTP=1
2026-09-07 09:57:44.590: [INFO] CurrentProfilePath: D:\PlaywrightJava\.metadata\.plugins\org.eclipse.swt\EBWebView\Default
2026-09-07 09:57:44.590: [INFO] Profiles total count: 1
2026-09-07 09:57:44.590: [INFO] Profile: name=Profile 1 path=D:\PlaywrightJava\.metadata\.plugins\org.eclipse.swt\EBWebView\Default lastActive=2026-09-06T13:33:21.562Z
2026-09-07 09:57:44.590: [INFO] LastUsedProfileDir: D:\PlaywrightJava\.metadata\.plugins\org.eclipse.swt\EBWebView\Default
2026-09-07 09:57:44.590: [INFO] MostRecentlyActiveProfile: name=Profile 1 path=D:\PlaywrightJava\.metadata\.plugins\org.eclipse.swt\EBWebView\Default lastActive=2026-09-06T13:33:21.562Z
2026-09-07 09:57:44.590: [INFO] OnDoneLoading sync enabled: 0
2026-09-07 09:57:44.590: [INFO] BookmarkModelLoaded, ids_reassigned: 0
2026-09-07 09:57:44.590: [INFO] BookmarksLoadDropped droppedNodes=0
2026-09-07 09:57:44.590: [INFO] BookmarksSnapshot Startup total=0 bar=0 other=0 mobile=0 showBar=0 showBarNTP=1
2026-09-07 10:00:21.091: [INFO] BookmarksSnapshot Shutdown total=0 bar=0 other=0 mobile=0 showBar=0 showBarNTP=1
2026-09-07 10:00:54.976: [INFO] CurrentProfilePath: D:\PlaywrightJava\.metadata\.plugins\org.eclipse.swt\EBWebView\Default
2026-09-07 10:00:54.976: [INFO] Profiles total count: 1
2026-09-07 10:00:54.976: [INFO] Profile: name=Profile 1 path=D:\PlaywrightJava\.metadata\.plugins\org.eclipse.swt\EBWebView\Default lastActive=2026-09-07T10:00:17.405Z
2026-09-07 10:00:54.976: [INFO] LastUsedProfileDir: D:\PlaywrightJava\.metadata\.plugins\org.eclipse.swt\EBWebView\Default
2026-09-07 10:00:54.976: [INFO] MostRecentlyActiveProfile: name=Profile 1 path=D:\PlaywrightJava\.metadata\.plugins\org.eclipse.swt\EBWebView\Default lastActive=2026-09-07T10:00:17.405Z
2026-09-07 10:00:54.976: [INFO] OnDoneLoading sync enabled: 0
2026-09-07 10:00:54.976: [INFO] BookmarkModelLoaded, ids_reassigned: 0
2026-09-07 10:00:54.976: [INFO] BookmarksLoadDropped droppedNodes=0
2026-09-07 10:00:54.976: [INFO] BookmarksSnapshot Startup total=0 bar=0 other=0 mobile=0 showBar=0 showBarNTP=1
2026-09-07 10:01:09.235: [INFO] BookmarksSnapshot Shutdown total=0 bar=0 other=0 mobile=0 showBar=0 showBarNTP=1
2026-09-07 16:02:55.850: [INFO] CurrentProfilePath: D:\PlaywrightJava\.metadata\.plugins\org.eclipse.swt\EBWebView\Default
2026-09-07 16:02:55.851: [INFO] Profiles total count: 1
2026-09-07 16:02:55.851: [INFO] Profile: name=Profile 1 path=D:\PlaywrightJava\.metadata\.plugins\org.eclipse.swt\EBWebView\Default lastActive=2026-09-07T10:00:17.405Z
2026-09-07 16:02:55.851: [INFO] LastUsedProfileDir: D:\PlaywrightJava\.metadata\.plugins\org.eclipse.swt\EBWebView\Default
2026-09-07 16:02:55.851: [INFO] MostRecentlyActiveProfile: name=Profile 1 path=D:\PlaywrightJava\.metadata\.plugins\org.eclipse.swt\EBWebView\Default lastActive=2026-09-07T10:00:17.405Z
2026-09-07 16:02:55.851: [INFO] OnDoneLoading sync enabled: 0
2026-09-07 16:02:55.851: [INFO] BookmarkModelLoaded, ids_reassigned: 0
2026-09-07 16:02:55.851: [INFO] BookmarksLoadDropped droppedNodes=0
2026-09-07 16:02:55.851: [INFO] BookmarksSnapshot Startup total=0 bar=0 other=0 mobile=0 showBar=0 showBarNTP=1
2026-09-07 16:23:40.912: [INFO] BookmarksSnapshot Shutdown total=0 bar=0 other=0 mobile=0 showBar=0 showBarNTP=1
2026-09-07 16:24:48.447: [INFO] CurrentProfilePath: D:\PlaywrightJava\.metadata\.plugins\org.eclipse.swt\EBWebView\Default
2026-09-07 16:24:48.448: [INFO] Profiles total count: 1
2026-09-07 16:24:48.448: [INFO] Profile: name=Profile 1 path=D:\PlaywrightJava\.metadata\.plugins\org.eclipse.swt\EBWebView\Default lastActive=2026-09-07T16:18:44.206Z
2026-09-07 16:24:48.448: [INFO] LastUsedProfileDir: D:\PlaywrightJava\.metadata\.plugins\org.eclipse.swt\EBWebView\Default
2026-09-07 16:24:48.448: [INFO] MostRecentlyActiveProfile: name=Profile 1 path=D:\PlaywrightJava\.metadata\.plugins\org.eclipse.swt\EBWebView\Default lastActive=2026-09-07T16:18:44.206Z
2026-09-07 16:24:48.448: [INFO] OnDoneLoading sync enabled: 0
2026-09-07 16:24:48.448: [INFO] BookmarkModelLoaded, ids_reassigned: 0
2026-09-07 16:24:48.448: [INFO] BookmarksLoadDropped droppedNodes=0
2026-09-07 16:24:48.448: [INFO] BookmarksSnapshot Startup total=0 bar=0 other=0 mobile=0 showBar=0 showBarNTP=1
2026-09-07 16:48:55.281: [INFO] BookmarksSnapshot Shutdown total=0 bar=0 other=0 mobile=0 showBar=0 showBarNTP=1
2026-09-08 07:48:33.405: [INFO] CurrentProfilePath: D:\PlaywrightJava\.metadata\.plugins\org.eclipse.swt\EBWebView\Default
2026-09-08 07:48:33.405: [INFO] Profiles total count: 1
2026-09-08 07:48:33.405: [INFO] Profile: name=Profile 1 path=D:\PlaywrightJava\.metadata\.plugins\org.eclipse.swt\EBWebView\Default lastActive=2026-09-07T16:29:20.564Z
2026-09-08 07:48:33.405: [INFO] LastUsedProfileDir: D:\PlaywrightJava\.metadata\.plugins\org.eclipse.swt\EBWebView\Default
2026-09-08 07:48:33.405: [INFO] MostRecentlyActiveProfile: name=Profile 1 path=D:\PlaywrightJava\.metadata\.plugins\org.eclipse.swt\EBWebView\Default lastActive=2026-09-07T16:29:20.564Z
2026-09-08 07:48:33.405: [INFO] OnDoneLoading sync enabled: 0
2026-09-08 07:48:33.405: [INFO] BookmarkModelLoaded, ids_reassigned: 0
2026-09-08 07:48:33.405: [INFO] BookmarksLoadDropped droppedNodes=0
2026-09-08 07:48:33.405: [INFO] BookmarksSnapshot Startup total=0 bar=0 other=0 mobile=0 showBar=0 showBarNTP=1
2026-09-08 08:57:52.913: [INFO] BookmarksSnapshot Shutdown total=0 bar=0 other=0 mobile=0 showBar=0 showBarNTP=1
2026-09-08 14:08:22.255: [INFO] CurrentProfilePath: D:\PlaywrightJava\.metadata\.plugins\org.eclipse.swt\EBWebView\Default
2026-09-08 14:08:22.255: [INFO] Profiles total count: 1
2026-09-08 14:08:22.255: [INFO] Profile: name=Profile 1 path=D:\PlaywrightJava\.metadata\.plugins\org.eclipse.swt\EBWebView\Default lastActive=2026-09-07T16:29:20.564Z
2026-09-08 14:08:22.255: [INFO] LastUsedProfileDir: D:\PlaywrightJava\.metadata\.plugins\org.eclipse.swt\EBWebView\Default
2026-09-08 14:08:22.255: [INFO] MostRecentlyActiveProfile: name=Profile 1 path=D:\PlaywrightJava\.metadata\.plugins\org.eclipse.swt\EBWebView\Default lastActive=2026-09-07T16:29:20.564Z
2026-09-08 14:08:22.255: [INFO] OnDoneLoading sync enabled: 0
2026-09-08 14:08:22.255: [INFO] BookmarkModelLoaded, ids_reassigned: 0
2026-09-08 14:08:22.255: [INFO] BookmarksLoadDropped droppedNodes=0
2026-09-08 14:08:22.255: [INFO] BookmarksSnapshot Startup total=0 bar=0 other=0 mobile=0 showBar=0 showBarNTP=1
2026-09-08 15:51:51.574: [INFO] BookmarksSnapshot Shutdown total=0 bar=0 other=0 mobile=0 showBar=0 showBarNTP=1
2026-09-10 02:51:06.724: [INFO] CurrentProfilePath: D:\PlaywrightJava\.metadata\.plugins\org.eclipse.swt\EBWebView\Default
2026-09-10 02:51:06.724: [INFO] Profiles total count: 1
2026-09-10 02:51:06.755: [INFO] Profile: name=Profile 1 path=D:\PlaywrightJava\.metadata\.plugins\org.eclipse.swt\EBWebView\Default lastActive=2026-09-07T16:29:20.564Z
2026-09-10 02:51:06.755: [INFO] LastUsedProfileDir: D:\PlaywrightJava\.metadata\.plugins\org.eclipse.swt\EBWebView\Default
2026-09-10 02:51:06.784: [INFO] MostRecentlyActiveProfile: name=Profile 1 path=D:\PlaywrightJava\.metadata\.plugins\org.eclipse.swt\EBWebView\Default lastActive=2026-09-07T16:29:20.564Z
2026-09-10 02:51:06.784: [INFO] OnDoneLoading sync enabled: 0
2026-09-10 02:51:06.784: [INFO] BookmarkModelLoaded, ids_reassigned: 0
2026-09-10 02:51:06.784: [INFO] BookmarksLoadDropped droppedNodes=0
2026-09-10 02:51:06.784: [INFO] BookmarksSnapshot Startup total=0 bar=0 other=0 mobile=0 showBar=0 showBarNTP=1
2026-09-10 02:51:16.773: [INFO] BookmarksSnapshot Shutdown total=0 bar=0 other=0 mobile=0 showBar=0 showBarNTP=1
2026-09-10 02:53:10.770: [INFO] CurrentProfilePath: D:\PlaywrightJava\.metadata\.plugins\org.eclipse.swt\EBWebView\Default
2026-09-10 02:53:10.771: [INFO] Profiles total count: 1
2026-09-10 02:53:10.771: [INFO] Profile: name=Profile 1 path=D:\PlaywrightJava\.metadata\.plugins\org.eclipse.swt\EBWebView\Default lastActive=2026-09-07T16:29:20.564Z
2026-09-10 02:53:10.771: [INFO] LastUsedProfileDir: D:\PlaywrightJava\.metadata\.plugins\org.eclipse.swt\EBWebView\Default
2026-09-10 02:53:10.771: [INFO] MostRecentlyActiveProfile: name=Profile 1 path=D:\PlaywrightJava\.metadata\.plugins\org.eclipse.swt\EBWebView\Default lastActive=2026-09-07T16:29:20.564Z
2026-09-10 02:53:10.771: [INFO] OnDoneLoading sync enabled: 0
2026-09-10 02:53:10.771: [INFO] BookmarkModelLoaded, ids_reassigned: 0
2026-09-10 02:53:10.771: [INFO] BookmarksLoadDropped droppedNodes=0
2026-09-10 02:53:10.771: [INFO] BookmarksSnapshot Startup total=0 bar=0 other=0 mobile=0 showBar=0 showBarNTP=1
2026-09-10 02:53:18.854: [INFO] BookmarksSnapshot Shutdown total=0 bar=0 other=0 mobile=0 showBar=0 showBarNTP=1
2026-09-10 02:55:29.305: [INFO] CurrentProfilePath: D:\PlaywrightJava\.metadata\.plugins\org.eclipse.swt\EBWebView\Default
2026-09-10 02:55:29.305: [INFO] Profiles total count: 1
2026-09-10 02:55:29.305: [INFO] Profile: name=Profile 1 path=D:\PlaywrightJava\.metadata\.plugins\org.eclipse.swt\EBWebView\Default lastActive=2026-09-07T16:29:20.564Z
2026-09-10 02:55:29.305: [INFO] LastUsedProfileDir: D:\PlaywrightJava\.metadata\.plugins\org.eclipse.swt\EBWebView\Default
2026-09-10 02:55:29.305: [INFO] MostRecentlyActiveProfile: name=Profile 1 path=D:\PlaywrightJava\.metadata\.plugins\org.eclipse.swt\EBWebView\Default lastActive=2026-09-07T16:29:20.564Z
2026-09-10 02:55:29.305: [INFO] OnDoneLoading sync enabled: 0
2026-09-10 02:55:29.305: [INFO] BookmarkModelLoaded, ids_reassigned: 0
2026-09-10 02:55:29.305: [INFO] BookmarksLoadDropped droppedNodes=0
2026-09-10 02:55:29.305: [INFO] BookmarksSnapshot Startup total=0 bar=0 other=0 mobile=0 showBar=0 showBarNTP=1
2026-09-10 02:58:48.170: [INFO] BookmarksSnapshot Shutdown total=0 bar=0 other=0 mobile=0 showBar=0 showBarNTP=1
2026-09-10 02:59:28.489: [INFO] CurrentProfilePath: D:\PlaywrightJava\.metadata\.plugins\org.eclipse.swt\EBWebView\Default
2026-09-10 02:59:28.489: [INFO] Profiles total count: 1
2026-09-10 02:59:28.489: [INFO] Profile: name=Profile 1 path=D:\PlaywrightJava\.metadata\.plugins\org.eclipse.swt\EBWebView\Default lastActive=2026-09-07T16:29:20.564Z
2026-09-10 02:59:28.489: [INFO] LastUsedProfileDir: D:\PlaywrightJava\.metadata\.plugins\org.eclipse.swt\EBWebView\Default
2026-09-10 02:59:28.489: [INFO] MostRecentlyActiveProfile: name=Profile 1 path=D:\PlaywrightJava\.metadata\.plugins\org.eclipse.swt\EBWebView\Default lastActive=2026-09-07T16:29:20.564Z
2026-09-10 02:59:28.489: [INFO] OnDoneLoading sync enabled: 0
2026-09-10 02:59:28.489: [INFO] BookmarkModelLoaded, ids_reassigned: 0
2026-09-10 02:59:28.489: [INFO] BookmarksLoadDropped droppedNodes=0
2026-09-10 02:59:28.489: [INFO] BookmarksSnapshot Startup total=0 bar=0 other=0 mobile=0 showBar=0 showBarNTP=1
2026-09-10 03:00:30.720: [INFO] BookmarksSnapshot Shutdown total=0 bar=0 other=0 mobile=0 showBar=0 showBarNTP=1
2026-09-10 03:01:50.594: [INFO] CurrentProfilePath: D:\PlaywrightJava\.metadata\.plugins\org.eclipse.swt\EBWebView\Default
2026-09-10 03:01:50.594: [INFO] Profiles total count: 1
2026-09-10 03:01:50.594: [INFO] Profile: name=Profile 1 path=D:\PlaywrightJava\.metadata\.plugins\org.eclipse.swt\EBWebView\Default lastActive=2026-09-07T16:29:20.564Z
2026-09-10 03:01:50.594: [INFO] LastUsedProfileDir: D:\PlaywrightJava\.metadata\.plugins\org.eclipse.swt\EBWebView\Default
2026-09-10 03:01:50.594: [INFO] MostRecentlyActiveProfile: name=Profile 1 path=D:\PlaywrightJava\.metadata\.plugins\org.eclipse.swt\EBWebView\Default lastActive=2026-09-07T16:29:20.564Z
2026-09-10 03:01:50.594: [INFO] OnDoneLoading sync enabled: 0
2026-09-10 03:01:50.594: [INFO] BookmarkModelLoaded, ids_reassigned: 0
2026-09-10 03:01:50.594: [INFO] BookmarksLoadDropped droppedNodes=0
2026-09-10 03:01:50.594: [INFO] BookmarksSnapshot Startup total=0 bar=0 other=0 mobile=0 showBar=0 showBarNTP=1
2026-09-10 03:04:34.158: [INFO] BookmarksSnapshot Shutdown total=0 bar=0 other=0 mobile=0 showBar=0 showBarNTP=1
2026-09-10 03:05:59.110: [INFO] CurrentProfilePath: D:\PlaywrightJava\.metadata\.plugins\org.eclipse.swt\EBWebView\Default
2026-09-10 03:05:59.110: [INFO] Profiles total count: 1
2026-09-10 03:05:59.110: [INFO] Profile: name=Profile 1 path=D:\PlaywrightJava\.metadata\.plugins\org.eclipse.swt\EBWebView\Default lastActive=2026-09-07T16:29:20.564Z
2026-09-10 03:05:59.110: [INFO] LastUsedProfileDir: D:\PlaywrightJava\.metadata\.plugins\org.eclipse.swt\EBWebView\Default
2026-09-10 03:05:59.110: [INFO] MostRecentlyActiveProfile: name=Profile 1 path=D:\PlaywrightJava\.metadata\.plugins\org.eclipse.swt\EBWebView\Default lastActive=2026-09-07T16:29:20.564Z
2026-09-10 03:05:59.110: [INFO] OnDoneLoading sync enabled: 0
2026-09-10 03:05:59.110: [INFO] BookmarkModelLoaded, ids_reassigned: 0
2026-09-10 03:05:59.110: [INFO] BookmarksLoadDropped droppedNodes=0
2026-09-10 03:05:59.110: [INFO] BookmarksSnapshot Startup total=0 bar=0 other=0 mobile=0 showBar=0 showBarNTP=1
2026-09-10 03:06:06.835: [INFO] BookmarksSnapshot Shutdown total=0 bar=0 other=0 mobile=0 showBar=0 showBarNTP=1
2026-09-10 03:06:17.354: [INFO] CurrentProfilePath: D:\PlaywrightJava\.metadata\.plugins\org.eclipse.swt\EBWebView\Default
2026-09-10 03:06:17.354: [INFO] Profiles total count: 1
2026-09-10 03:06:17.354: [INFO] Profile: name=Profile 1 path=D:\PlaywrightJava\.metadata\.plugins\org.eclipse.swt\EBWebView\Default lastActive=2026-09-07T16:29:20.564Z
2026-09-10 03:06:17.354: [INFO] LastUsedProfileDir: D:\PlaywrightJava\.metadata\.plugins\org.eclipse.swt\EBWebView\Default
2026-09-10 03:06:17.354: [INFO] MostRecentlyActiveProfile: name=Profile 1 path=D:\PlaywrightJava\.metadata\.plugins\org.eclipse.swt\EBWebView\Default lastActive=2026-09-07T16:29:20.564Z
2026-09-10 03:06:17.354: [INFO] OnDoneLoading sync enabled: 0
2026-09-10 03:06:17.354: [INFO] BookmarkModelLoaded, ids_reassigned: 0
2026-09-10 03:06:17.354: [INFO] BookmarksLoadDropped droppedNodes=0
2026-09-10 03:06:17.354: [INFO] BookmarksSnapshot Startup total=0 bar=0 other=0 mobile=0 showBar=0 showBarNTP=1
2026-09-10 03:08:36.333: [INFO] BookmarksSnapshot Shutdown total=0 bar=0 other=0 mobile=0 showBar=0 showBarNTP=1
2026-09-10 03:08:51.758: [INFO] CurrentProfilePath: D:\PlaywrightJava\.metadata\.plugins\org.eclipse.swt\EBWebView\Default
2026-09-10 03:08:51.758: [INFO] Profiles total count: 1
2026-09-10 03:08:51.758: [INFO] Profile: name=Profile 1 path=D:\PlaywrightJava\.metadata\.plugins\org.eclipse.swt\EBWebView\Default lastActive=2026-09-07T16:29:20.564Z
2026-09-10 03:08:51.758: [INFO] LastUsedProfileDir: D:\PlaywrightJava\.metadata\.plugins\org.eclipse.swt\EBWebView\Default
2026-09-10 03:08:51.758: [INFO] MostRecentlyActiveProfile: name=Profile 1 path=D:\PlaywrightJava\.metadata\.plugins\org.eclipse.swt\EBWebView\Default lastActive=2026-09-07T16:29:20.564Z
2026-09-10 03:08:51.758: [INFO] OnDoneLoading sync enabled: 0
2026-09-10 03:08:51.758: [INFO] BookmarkModelLoaded, ids_reassigned: 0
2026-09-10 03:08:51.758: [INFO] BookmarksLoadDropped droppedNodes=0
2026-09-10 03:08:51.758: [INFO] BookmarksSnapshot Startup total=0 bar=0 other=0 mobile=0 showBar=0 showBarNTP=1
2026-09-10 03:10:14.334: [INFO] BookmarksSnapshot Shutdown total=0 bar=0 other=0 mobile=0 showBar=0 showBarNTP=1
2026-09-10 03:11:30.962: [INFO] CurrentProfilePath: D:\PlaywrightJava\.metadata\.plugins\org.eclipse.swt\EBWebView\Default
2026-09-10 03:11:30.962: [INFO] Profiles total count: 1
2026-09-10 03:11:30.962: [INFO] Profile: name=Profile 1 path=D:\PlaywrightJava\.metadata\.plugins\org.eclipse.swt\EBWebView\Default lastActive=2026-09-07T16:29:20.564Z
2026-09-10 03:11:30.962: [INFO] LastUsedProfileDir: D:\PlaywrightJava\.metadata\.plugins\org.eclipse.swt\EBWebView\Default
2026-09-10 03:11:30.962: [INFO] MostRecentlyActiveProfile: name=Profile 1 path=D:\PlaywrightJava\.metadata\.plugins\org.eclipse.swt\EBWebView\Default lastActive=2026-09-07T16:29:20.564Z
2026-09-10 03:11:30.962: [INFO] OnDoneLoading sync enabled: 0
2026-09-10 03:11:30.962: [INFO] BookmarkModelLoaded, ids_reassigned: 0
2026-09-10 03:11:30.962: [INFO] BookmarksLoadDropped droppedNodes=0
2026-09-10 03:11:30.962: [INFO] BookmarksSnapshot Startup total=0 bar=0 other=0 mobile=0 showBar=0 showBarNTP=1
2026-09-10 03:12:27.387: [INFO] BookmarksSnapshot Shutdown total=0 bar=0 other=0 mobile=0 showBar=0 showBarNTP=1
2026-09-10 05:40:00.403: [INFO] CurrentProfilePath: D:\PlaywrightJava\.metadata\.plugins\org.eclipse.swt\EBWebView\Default
2026-09-10 05:40:00.403: [INFO] Profiles total count: 1
2026-09-10 05:40:00.404: [INFO] Profile: name=Profile 1 path=D:\PlaywrightJava\.metadata\.plugins\org.eclipse.swt\EBWebView\Default lastActive=2026-09-07T16:29:20.564Z
2026-09-10 05:40:00.404: [INFO] LastUsedProfileDir: D:\PlaywrightJava\.metadata\.plugins\org.eclipse.swt\EBWebView\Default
2026-09-10 05:40:00.404: [INFO] MostRecentlyActiveProfile: name=Profile 1 path=D:\PlaywrightJava\.metadata\.plugins\org.eclipse.swt\EBWebView\Default lastActive=2026-09-07T16:29:20.564Z
2026-09-10 05:40:00.404: [INFO] OnDoneLoading sync enabled: 0
2026-09-10 05:40:00.404: [INFO] BookmarkModelLoaded, ids_reassigned: 0
2026-09-10 05:40:00.404: [INFO] BookmarksLoadDropped droppedNodes=0
2026-09-10 05:40:00.404: [INFO] BookmarksSnapshot Startup total=0 bar=0 other=0 mobile=0 showBar=0 showBarNTP=1
2026-09-10 05:49:05.594: [INFO] BookmarksSnapshot Shutdown total=0 bar=0 other=0 mobile=0 showBar=0 showBarNTP=1
